To honour the JVM settings for this build a single-use Daemon process will be forked. For more on this, please refer to https://docs.gradle.org/8.14.2/userguide/gradle_daemon.html#sec:disabling_the_daemon in the Gradle documentation.
Daemon will be stopped at the end of the build 
> Task :buildSrc:checkKotlinGradlePluginConfigurationErrors SKIPPED
> Task :buildSrc:compileKotlin UP-TO-DATE
> Task :buildSrc:compileJava NO-SOURCE
> Task :buildSrc:compileGroovy NO-SOURCE
> Task :buildSrc:pluginDescriptors UP-TO-DATE
> Task :buildSrc:processResources NO-SOURCE
> Task :buildSrc:classes UP-TO-DATE
> Task :buildSrc:jar UP-TO-DATE
> Task :app:preBuild UP-TO-DATE
> Task :app:preDebugBuild UP-TO-DATE
> Task :app:mergeDebugNativeDebugMetadata NO-SOURCE
> Task :activity:checkKotlinGradlePluginConfigurationErrors SKIPPED
> Task :activity:preBuild UP-TO-DATE
> Task :activity:preDebugBuild UP-TO-DATE
> Task :activity:generateDebugResValues UP-TO-DATE
> Task :activity:generateDebugResources UP-TO-DATE
> Task :activity:packageDebugResources UP-TO-DATE
> Task :activity:processDebugNavigationResources UP-TO-DATE
> Task :activity:parseDebugLocalResources UP-TO-DATE
> Task :activity:generateDebugRFile UP-TO-DATE
> Task :logger:checkKotlinGradlePluginConfigurationErrors SKIPPED
> Task :logger:preBuild UP-TO-DATE
> Task :logger:preDebugBuild UP-TO-DATE
> Task :logger:generateDebugBuildConfig UP-TO-DATE
> Task :logger:generateDebugResValues UP-TO-DATE
> Task :logger:generateDebugResources UP-TO-DATE
> Task :logger:packageDebugResources UP-TO-DATE
> Task :logger:processDebugNavigationResources UP-TO-DATE
> Task :logger:parseDebugLocalResources UP-TO-DATE
> Task :logger:generateDebugRFile UP-TO-DATE
> Task :logger:ensureKspDir
> Task :sbase:checkKotlinGradlePluginConfigurationErrors SKIPPED
> Task :sbase:preBuild UP-TO-DATE
> Task :sbase:preDebugBuild UP-TO-DATE
> Task :sbase:generateDebugBuildConfig UP-TO-DATE
> Task :sbase:generateDebugResValues UP-TO-DATE
> Task :sbase:generateDebugResources UP-TO-DATE
> Task :sbase:packageDebugResources UP-TO-DATE
> Task :sbase:processDebugNavigationResources UP-TO-DATE
> Task :sbase:parseDebugLocalResources UP-TO-DATE
> Task :sbase:generateDebugRFile UP-TO-DATE
> Task :sbase:kspDebugKotlin UP-TO-DATE
> Task :sbase:javaPreCompileDebug UP-TO-DATE
> Task :spreferences:checkKotlinGradlePluginConfigurationErrors SKIPPED
> Task :spreferences:preBuild UP-TO-DATE
> Task :spreferences:preDebugBuild UP-TO-DATE
> Task :spreferences:generateDebugBuildConfig UP-TO-DATE
> Task :spreferences:extractDebugProto UP-TO-DATE
> Task :spreferences:extractProto UP-TO-DATE
> Task :spreferences:generateDebugResValues UP-TO-DATE
> Task :spreferences:generateDebugResources UP-TO-DATE
> Task :spreferences:packageDebugResources UP-TO-DATE
> Task :spreferences:processDebugNavigationResources UP-TO-DATE
> Task :spreferences:parseDebugLocalResources UP-TO-DATE
> Task :spreferences:generateDebugRFile UP-TO-DATE
> Task :spreferences:javaPreCompileDebug UP-TO-DATE
> Task :logger:javaPreCompileDebug UP-TO-DATE
> Task :sutils:checkKotlinGradlePluginConfigurationErrors SKIPPED
> Task :sutils:preBuild UP-TO-DATE
> Task :sutils:preDebugBuild UP-TO-DATE
> Task :sutils:generateDebugResValues UP-TO-DATE
> Task :sutils:generateDebugResources UP-TO-DATE
> Task :sutils:packageDebugResources UP-TO-DATE
> Task :sutils:processDebugNavigationResources UP-TO-DATE
> Task :sutils:parseDebugLocalResources UP-TO-DATE
> Task :sutils:generateDebugRFile UP-TO-DATE
> Task :sutils:javaPreCompileDebug UP-TO-DATE
> Task :activity:javaPreCompileDebug UP-TO-DATE
> Task :app:checkKotlinGradlePluginConfigurationErrors SKIPPED
> Task :app:generateDebugBuildConfig UP-TO-DATE
> Task :activity:compileDebugLibraryResources UP-TO-DATE
> Task :activity:writeDebugAarMetadata UP-TO-DATE
> Task :game:preBuild UP-TO-DATE
> Task :game:preDebugBuild UP-TO-DATE
> Task :game:writeDebugAarMetadata UP-TO-DATE
> Task :impexp:preBuild UP-TO-DATE
> Task :impexp:preDebugBuild UP-TO-DATE
> Task :impexp:writeDebugAarMetadata UP-TO-DATE
> Task :logger:writeDebugAarMetadata UP-TO-DATE
> Task :map:preBuild UP-TO-DATE
> Task :map:preDebugBuild UP-TO-DATE
> Task :map:writeDebugAarMetadata UP-TO-DATE
> Task :points:preBuild UP-TO-DATE
> Task :points:preDebugBuild UP-TO-DATE
> Task :points:writeDebugAarMetadata UP-TO-DATE
> Task :sbase:writeDebugAarMetadata UP-TO-DATE
> Task :smap:preBuild UP-TO-DATE
> Task :smap:preDebugBuild UP-TO-DATE
> Task :smap:writeDebugAarMetadata UP-TO-DATE
> Task :spreferences:writeDebugAarMetadata UP-TO-DATE
> Task :statistics:preBuild UP-TO-DATE
> Task :statistics:preDebugBuild UP-TO-DATE
> Task :statistics:writeDebugAarMetadata UP-TO-DATE
> Task :sutils:writeDebugAarMetadata UP-TO-DATE
> Task :tracker:preBuild UP-TO-DATE
> Task :tracker:preDebugBuild UP-TO-DATE
> Task :tracker:writeDebugAarMetadata UP-TO-DATE
> Task :app:checkDebugAarMetadata UP-TO-DATE
> Task :game:processDebugNavigationResources UP-TO-DATE
> Task :impexp:processDebugNavigationResources UP-TO-DATE
> Task :map:processDebugNavigationResources UP-TO-DATE
> Task :points:processDebugNavigationResources UP-TO-DATE
> Task :smap:processDebugNavigationResources UP-TO-DATE
> Task :statistics:processDebugNavigationResources UP-TO-DATE
> Task :tracker:processDebugNavigationResources UP-TO-DATE
> Task :app:processDebugNavigationResources UP-TO-DATE
> Task :app:compileDebugNavigationResources UP-TO-DATE
> Task :app:generateDebugResValues UP-TO-DATE
> Task :app:processDebugGoogleServices UP-TO-DATE
> Task :game:generateDebugResValues UP-TO-DATE
> Task :game:generateDebugResources UP-TO-DATE
> Task :game:packageDebugResources UP-TO-DATE
> Task :impexp:generateDebugResValues UP-TO-DATE
> Task :impexp:generateDebugResources UP-TO-DATE
> Task :impexp:packageDebugResources UP-TO-DATE
> Task :map:generateDebugResValues UP-TO-DATE
> Task :map:generateDebugResources UP-TO-DATE
> Task :map:packageDebugResources UP-TO-DATE
> Task :points:generateDebugResValues UP-TO-DATE
> Task :points:generateDebugResources UP-TO-DATE
> Task :points:packageDebugResources UP-TO-DATE
> Task :smap:generateDebugResValues UP-TO-DATE
> Task :smap:generateDebugResources UP-TO-DATE
> Task :smap:packageDebugResources UP-TO-DATE
> Task :statistics:generateDebugResValues UP-TO-DATE
> Task :statistics:generateDebugResources UP-TO-DATE
> Task :statistics:packageDebugResources UP-TO-DATE
> Task :tracker:generateDebugResValues UP-TO-DATE
> Task :tracker:generateDebugResources UP-TO-DATE
> Task :tracker:packageDebugResources UP-TO-DATE
> Task :app:mapDebugSourceSetPaths UP-TO-DATE
> Task :app:generateDebugResources UP-TO-DATE
> Task :app:mergeDebugResources UP-TO-DATE
> Task :app:packageDebugResources UP-TO-DATE
> Task :app:parseDebugLocalResources UP-TO-DATE
> Task :app:createDebugCompatibleScreenManifests UP-TO-DATE
> Task :activity:extractDeepLinksDebug UP-TO-DATE
> Task :activity:processDebugManifest UP-TO-DATE
> Task :app:extractDeepLinksDebug UP-TO-DATE
> Task :game:extractDeepLinksDebug UP-TO-DATE
> Task :game:processDebugManifest UP-TO-DATE
> Task :impexp:extractDeepLinksDebug UP-TO-DATE
> Task :impexp:processDebugManifest UP-TO-DATE
> Task :logger:extractDeepLinksDebug UP-TO-DATE
> Task :logger:processDebugManifest UP-TO-DATE
> Task :map:extractDeepLinksDebug UP-TO-DATE
> Task :map:processDebugManifest UP-TO-DATE
> Task :points:extractDeepLinksDebug UP-TO-DATE
> Task :points:processDebugManifest UP-TO-DATE
> Task :sbase:extractDeepLinksDebug UP-TO-DATE
> Task :sbase:processDebugManifest UP-TO-DATE
> Task :smap:extractDeepLinksDebug UP-TO-DATE
> Task :smap:processDebugManifest UP-TO-DATE
> Task :spreferences:extractDeepLinksDebug UP-TO-DATE
> Task :spreferences:processDebugManifest UP-TO-DATE
> Task :statistics:extractDeepLinksDebug UP-TO-DATE
> Task :statistics:processDebugManifest UP-TO-DATE
> Task :sutils:extractDeepLinksDebug UP-TO-DATE
> Task :sutils:processDebugManifest UP-TO-DATE
> Task :tracker:extractDeepLinksDebug UP-TO-DATE
> Task :tracker:processDebugManifest UP-TO-DATE
> Task :app:processDebugMainManifest UP-TO-DATE
> Task :app:processDebugManifest UP-TO-DATE
> Task :app:processDebugManifestForPackage UP-TO-DATE
> Task :game:compileDebugLibraryResources UP-TO-DATE
> Task :game:parseDebugLocalResources UP-TO-DATE
> Task :game:generateDebugRFile UP-TO-DATE
> Task :impexp:compileDebugLibraryResources UP-TO-DATE
> Task :impexp:parseDebugLocalResources UP-TO-DATE
> Task :impexp:generateDebugRFile UP-TO-DATE
> Task :logger:compileDebugLibraryResources UP-TO-DATE
> Task :map:compileDebugLibraryResources UP-TO-DATE
> Task :map:parseDebugLocalResources UP-TO-DATE
> Task :map:generateDebugRFile UP-TO-DATE
> Task :points:compileDebugLibraryResources UP-TO-DATE
> Task :points:parseDebugLocalResources UP-TO-DATE
> Task :points:generateDebugRFile UP-TO-DATE
> Task :sbase:compileDebugLibraryResources UP-TO-DATE
> Task :smap:compileDebugLibraryResources UP-TO-DATE
> Task :smap:parseDebugLocalResources UP-TO-DATE
> Task :smap:generateDebugRFile UP-TO-DATE
> Task :spreferences:compileDebugLibraryResources UP-TO-DATE
> Task :statistics:compileDebugLibraryResources UP-TO-DATE
> Task :statistics:parseDebugLocalResources UP-TO-DATE
> Task :statistics:generateDebugRFile UP-TO-DATE
> Task :sutils:compileDebugLibraryResources UP-TO-DATE
> Task :tracker:compileDebugLibraryResources UP-TO-DATE
> Task :tracker:parseDebugLocalResources UP-TO-DATE
> Task :tracker:generateDebugRFile UP-TO-DATE
> Task :app:processDebugResources UP-TO-DATE
> Task :game:checkKotlinGradlePluginConfigurationErrors SKIPPED
> Task :game:extractDebugProto UP-TO-DATE
> Task :points:checkKotlinGradlePluginConfigurationErrors SKIPPED
> Task :points:javaPreCompileDebug UP-TO-DATE
> Task :game:extractProto UP-TO-DATE
> Task :game:javaPreCompileDebug UP-TO-DATE
> Task :impexp:checkKotlinGradlePluginConfigurationErrors SKIPPED
> Task :impexp:extractDebugProto UP-TO-DATE
> Task :impexp:extractProto UP-TO-DATE
> Task :impexp:javaPreCompileDebug UP-TO-DATE
> Task :map:checkKotlinGradlePluginConfigurationErrors SKIPPED
> Task :smap:checkKotlinGradlePluginConfigurationErrors SKIPPED
> Task :smap:javaPreCompileDebug UP-TO-DATE
> Task :map:javaPreCompileDebug UP-TO-DATE
> Task :statistics:checkKotlinGradlePluginConfigurationErrors SKIPPED
> Task :statistics:javaPreCompileDebug UP-TO-DATE
> Task :tracker:checkKotlinGradlePluginConfigurationErrors SKIPPED
> Task :tracker:extractDebugProto UP-TO-DATE
> Task :tracker:extractProto UP-TO-DATE
> Task :tracker:javaPreCompileDebug UP-TO-DATE
> Task :app:javaPreCompileDebug UP-TO-DATE
> Task :activity:mergeDebugShaders UP-TO-DATE
> Task :activity:compileDebugShaders NO-SOURCE
> Task :activity:generateDebugAssets UP-TO-DATE
> Task :activity:mergeDebugAssets UP-TO-DATE
> Task :app:mergeDebugShaders UP-TO-DATE
> Task :app:compileDebugShaders NO-SOURCE
> Task :app:generateDebugAssets UP-TO-DATE
> Task :game:mergeDebugShaders UP-TO-DATE
> Task :game:compileDebugShaders NO-SOURCE
> Task :game:generateDebugAssets UP-TO-DATE
> Task :game:mergeDebugAssets UP-TO-DATE
> Task :impexp:mergeDebugShaders UP-TO-DATE
> Task :impexp:compileDebugShaders NO-SOURCE
> Task :impexp:generateDebugAssets UP-TO-DATE
> Task :impexp:mergeDebugAssets UP-TO-DATE
> Task :logger:mergeDebugShaders UP-TO-DATE
> Task :logger:compileDebugShaders NO-SOURCE
> Task :logger:generateDebugAssets UP-TO-DATE
> Task :logger:mergeDebugAssets UP-TO-DATE
> Task :map:mergeDebugShaders UP-TO-DATE
> Task :map:compileDebugShaders NO-SOURCE
> Task :map:generateDebugAssets UP-TO-DATE
> Task :map:mergeDebugAssets UP-TO-DATE
> Task :points:mergeDebugShaders UP-TO-DATE
> Task :points:compileDebugShaders NO-SOURCE
> Task :points:generateDebugAssets UP-TO-DATE
> Task :points:mergeDebugAssets UP-TO-DATE
> Task :sbase:mergeDebugShaders UP-TO-DATE
> Task :sbase:compileDebugShaders NO-SOURCE
> Task :sbase:generateDebugAssets UP-TO-DATE
> Task :sbase:mergeDebugAssets UP-TO-DATE
> Task :smap:mergeDebugShaders UP-TO-DATE
> Task :smap:compileDebugShaders NO-SOURCE
> Task :smap:generateDebugAssets UP-TO-DATE
> Task :smap:mergeDebugAssets UP-TO-DATE
> Task :spreferences:mergeDebugShaders UP-TO-DATE
> Task :spreferences:compileDebugShaders NO-SOURCE
> Task :spreferences:generateDebugAssets UP-TO-DATE
> Task :spreferences:mergeDebugAssets UP-TO-DATE
> Task :statistics:mergeDebugShaders UP-TO-DATE
> Task :statistics:compileDebugShaders NO-SOURCE
> Task :statistics:generateDebugAssets UP-TO-DATE
> Task :statistics:mergeDebugAssets UP-TO-DATE
> Task :sutils:mergeDebugShaders UP-TO-DATE
> Task :sutils:compileDebugShaders NO-SOURCE
> Task :sutils:generateDebugAssets UP-TO-DATE
> Task :sutils:mergeDebugAssets UP-TO-DATE
> Task :tracker:mergeDebugShaders UP-TO-DATE
> Task :tracker:compileDebugShaders NO-SOURCE
> Task :tracker:generateDebugAssets UP-TO-DATE
> Task :tracker:mergeDebugAssets UP-TO-DATE
> Task :app:mergeDebugAssets UP-TO-DATE
> Task :app:compressDebugAssets UP-TO-DATE
> Task :app:l8DexDesugarLibDebug UP-TO-DATE
> Task :app:desugarDebugFileDependencies UP-TO-DATE
> Task :app:generateDebugJacocoPropertiesFile UP-TO-DATE
> Task :app:checkDebugDuplicateClasses UP-TO-DATE
> Task :sbase:compileDebugKotlin
> Task :app:mergeExtDexDebug
> Task :sbase:compileDebugJavaWithJavac UP-TO-DATE
> Task :sbase:bundleLibCompileToJarDebug UP-TO-DATE
> Task :sbase:bundleLibRuntimeToJarDebug UP-TO-DATE
> Task :sbase:processDebugJavaRes UP-TO-DATE
> Task :sbase:createFullJarDebug UP-TO-DATE
> Task :spreferences:extractIncludeDebugProto UP-TO-DATE
> Task :spreferences:generateDebugProto UP-TO-DATE
> Task :spreferences:kspDebugKotlin UP-TO-DATE
> Task :sbase:bundleLibRuntimeToDirDebug UP-TO-DATE
> Task :activity:mergeDebugJniLibFolders UP-TO-DATE
> Task :activity:mergeDebugNativeLibs NO-SOURCE
> Task :activity:copyDebugJniLibsProjectOnly UP-TO-DATE
> Task :app:mergeDebugJniLibFolders UP-TO-DATE
> Task :game:mergeDebugJniLibFolders UP-TO-DATE
> Task :game:mergeDebugNativeLibs NO-SOURCE
> Task :game:copyDebugJniLibsProjectOnly UP-TO-DATE
> Task :impexp:mergeDebugJniLibFolders UP-TO-DATE
> Task :impexp:mergeDebugNativeLibs NO-SOURCE
> Task :impexp:copyDebugJniLibsProjectOnly UP-TO-DATE
> Task :logger:mergeDebugJniLibFolders UP-TO-DATE
> Task :logger:mergeDebugNativeLibs NO-SOURCE
> Task :logger:copyDebugJniLibsProjectOnly UP-TO-DATE
> Task :map:mergeDebugJniLibFolders UP-TO-DATE
> Task :map:mergeDebugNativeLibs NO-SOURCE
> Task :map:copyDebugJniLibsProjectOnly UP-TO-DATE
> Task :points:mergeDebugJniLibFolders UP-TO-DATE
> Task :points:mergeDebugNativeLibs NO-SOURCE
> Task :points:copyDebugJniLibsProjectOnly UP-TO-DATE
> Task :sbase:mergeDebugJniLibFolders UP-TO-DATE
> Task :sbase:mergeDebugNativeLibs NO-SOURCE
> Task :sbase:copyDebugJniLibsProjectOnly UP-TO-DATE
> Task :smap:mergeDebugJniLibFolders UP-TO-DATE
> Task :smap:mergeDebugNativeLibs NO-SOURCE
> Task :smap:copyDebugJniLibsProjectOnly UP-TO-DATE
> Task :spreferences:mergeDebugJniLibFolders UP-TO-DATE
> Task :spreferences:mergeDebugNativeLibs NO-SOURCE
> Task :spreferences:copyDebugJniLibsProjectOnly UP-TO-DATE
> Task :statistics:mergeDebugJniLibFolders UP-TO-DATE
> Task :statistics:mergeDebugNativeLibs NO-SOURCE
> Task :statistics:copyDebugJniLibsProjectOnly UP-TO-DATE
> Task :sutils:mergeDebugJniLibFolders UP-TO-DATE
> Task :sutils:mergeDebugNativeLibs NO-SOURCE
> Task :sutils:copyDebugJniLibsProjectOnly UP-TO-DATE
> Task :tracker:mergeDebugJniLibFolders UP-TO-DATE
> Task :tracker:mergeDebugNativeLibs NO-SOURCE
> Task :tracker:copyDebugJniLibsProjectOnly UP-TO-DATE
> Task :app:mergeDebugNativeLibs UP-TO-DATE
> Task :app:stripDebugDebugSymbols UP-TO-DATE
> Task :app:validateSigningDebug UP-TO-DATE
> Task :app:writeDebugAppMetadata UP-TO-DATE
> Task :app:writeDebugSigningConfigVersions UP-TO-DATE
> Task :spreferences:compileDebugKotlin
> Task :spreferences:compileDebugJavaWithJavac
> Task :spreferences:bundleLibCompileToJarDebug UP-TO-DATE
> Task :spreferences:bundleLibRuntimeToJarDebug UP-TO-DATE
> Task :spreferences:processDebugJavaRes UP-TO-DATE
> Task :spreferences:createFullJarDebug UP-TO-DATE
> Task :spreferences:bundleLibRuntimeToDirDebug UP-TO-DATE
> Task :sutils:kspDebugKotlin
> Task :logger:kspDebugKotlin
> Task :logger:compileDebugKotlin UP-TO-DATE

> Task :sutils:compileDebugKotlin
w: file:///G:/Github/Tracker-Android/sutils/src/main/java/com/adsamcik/tracker/shared/utils/activity/ComposeDetailActivity.kt:85:77 'val Icons.Filled.ArrowBack: ImageVector' is deprecated. Use the AutoMirrored version at Icons.AutoMirrored.Filled.ArrowBack.

> Task :logger:compileDebugJavaWithJavac
> Task :logger:bundleLibCompileToJarDebug UP-TO-DATE
> Task :sutils:compileDebugJavaWithJavac NO-SOURCE
> Task :sutils:bundleLibCompileToJarDebug UP-TO-DATE
> Task :activity:kspDebugKotlin SKIPPED
> Task :logger:bundleLibRuntimeToJarDebug UP-TO-DATE
> Task :logger:processDebugJavaRes UP-TO-DATE
> Task :logger:createFullJarDebug UP-TO-DATE
> Task :points:kspDebugKotlin UP-TO-DATE
> Task :sutils:bundleLibRuntimeToJarDebug UP-TO-DATE
> Task :sutils:processDebugJavaRes UP-TO-DATE
> Task :sutils:createFullJarDebug UP-TO-DATE
> Task :impexp:extractIncludeDebugProto UP-TO-DATE
> Task :impexp:generateDebugProto UP-TO-DATE
> Task :impexp:kspDebugKotlin UP-TO-DATE
> Task :smap:kspDebugKotlin SKIPPED
> Task :points:compileDebugKotlin
> Task :smap:compileDebugKotlin UP-TO-DATE
> Task :points:compileDebugJavaWithJavac NO-SOURCE

> Task :activity:compileDebugKotlin
w: file:///G:/Github/Tracker-Android/activity/src/main/java/com/adsamcik/tracker/activity/recognizer/VehicleActivityRecognizer.kt:30:5 'when' is exhaustive so 'else' is redundant here.
w: file:///G:/Github/Tracker-Android/activity/src/main/java/com/adsamcik/tracker/activity/ui/SessionActivityActivityCompose.kt:217:24 'fun rememberSwipeToDismissBoxState(initialValue: SwipeToDismissBoxValue = ..., confirmValueChange: (SwipeToDismissBoxValue) -> Boolean = ..., positionalThreshold: (Float) -> Float = ...): SwipeToDismissBoxState' is deprecated. confirmValueChange is deprecated without replacement. Rather than relying on a callback to veto state changes, the anchor set should not include disallowed anchors. See androidx.compose.foundation.samples.AnchoredDraggableDynamicAnchorsSample for an example of using dynamic anchors over confirmValueChange.

> Task :points:bundleLibRuntimeToJarDebug UP-TO-DATE
> Task :activity:compileDebugJavaWithJavac NO-SOURCE
> Task :activity:bundleLibCompileToJarDebug UP-TO-DATE
> Task :points:processDebugJavaRes UP-TO-DATE
> Task :points:createFullJarDebug UP-TO-DATE
> Task :game:extractIncludeDebugProto UP-TO-DATE
> Task :game:generateDebugProto UP-TO-DATE
> Task :points:bundleLibCompileToJarDebug UP-TO-DATE
> Task :smap:compileDebugJavaWithJavac NO-SOURCE
> Task :smap:bundleLibCompileToJarDebug UP-TO-DATE
> Task :map:kspDebugKotlin SKIPPED
> Task :smap:bundleLibRuntimeToJarDebug UP-TO-DATE
> Task :activity:bundleLibRuntimeToJarDebug UP-TO-DATE
> Task :activity:processDebugJavaRes UP-TO-DATE
> Task :activity:createFullJarDebug UP-TO-DATE
> Task :tracker:extractIncludeDebugProto UP-TO-DATE
> Task :tracker:generateDebugProto UP-TO-DATE
> Task :smap:processDebugJavaRes UP-TO-DATE
> Task :activity:bundleLibRuntimeToDirDebug UP-TO-DATE
> Task :points:bundleLibRuntimeToDirDebug UP-TO-DATE
> Task :smap:bundleLibRuntimeToDirDebug UP-TO-DATE
> Task :sutils:bundleLibRuntimeToDirDebug UP-TO-DATE
> Task :logger:bundleLibRuntimeToDirDebug UP-TO-DATE
> Task :impexp:compileDebugKotlin
> Task :game:kspDebugKotlin
> Task :statistics:kspDebugKotlin
> Task :tracker:kspDebugKotlin

> Task :map:compileDebugKotlin
w: file:///G:/Github/Tracker-Android/map/src/main/java/com/adsamcik/tracker/map/presentation/sensors/LocationAndSensorsManager.kt:94:67 'static field TYPE_ORIENTATION: Int' is deprecated. Deprecated in Java.
w: file:///G:/Github/Tracker-Android/map/src/main/java/com/adsamcik/tracker/map/presentation/sensors/LocationAndSensorsManager.kt:117:28 'static field TYPE_ORIENTATION: Int' is deprecated. Deprecated in Java.
w: file:///G:/Github/Tracker-Android/map/src/main/java/com/adsamcik/tracker/map/ui/MapScreen.kt:99:9 Targets marked by this annotation may contain breaking changes in the future as their design is still incubating.
w: file:///G:/Github/Tracker-Android/map/src/main/java/com/adsamcik/tracker/map/ui/MapScreen.kt:126:9 Targets marked by this annotation may contain breaking changes in the future as their design is still incubating.

> Task :impexp:compileDebugJavaWithJavac
> Task :impexp:bundleLibCompileToJarDebug UP-TO-DATE
> Task :map:compileDebugJavaWithJavac NO-SOURCE
> Task :map:bundleLibCompileToJarDebug UP-TO-DATE
> Task :statistics:compileDebugKotlin UP-TO-DATE
> Task :statistics:compileDebugJavaWithJavac

> Task :game:compileDebugKotlin
w: file:///G:/Github/Tracker-Android/game/src/main/java/com/adsamcik/tracker/game/ui/compose/GameScreen.kt:156:36 'val Icons.Outlined.DirectionsWalk: ImageVector' is deprecated. Use the AutoMirrored version at Icons.AutoMirrored.Outlined.DirectionsWalk.

> Task :statistics:transformDebugClassesWithAsm
> Task :game:compileDebugJavaWithJavac
> Task :map:bundleLibRuntimeToJarDebug UP-TO-DATE
> Task :impexp:bundleLibRuntimeToJarDebug UP-TO-DATE
> Task :game:processDebugJavaRes
> Task :impexp:processDebugJavaRes UP-TO-DATE
> Task :map:processDebugJavaRes
> Task :statistics:processDebugJavaRes
> Task :statistics:bundleLibRuntimeToJarDebug
> Task :statistics:bundleLibCompileToJarDebug
> Task :impexp:bundleLibRuntimeToDirDebug
> Task :game:transformDebugClassesWithAsm
> Task :map:bundleLibRuntimeToDirDebug
> Task :statistics:bundleLibRuntimeToDirDebug
> Task :game:bundleLibCompileToJarDebug
> Task :game:bundleLibRuntimeToJarDebug
> Task :game:bundleLibRuntimeToDirDebug

> Task :tracker:compileDebugKotlin
w: file:///G:/Github/Tracker-Android/tracker/src/main/java/com/adsamcik/tracker/tracker/notification/NotificationManagementActivity.kt:151:55 'val Icons.Filled.ArrowBack: ImageVector' is deprecated. Use the AutoMirrored version at Icons.AutoMirrored.Filled.ArrowBack.

> Task :tracker:compileDebugJavaWithJavac
> Task :tracker:processDebugJavaRes
> Task :tracker:transformDebugClassesWithAsm
> Task :tracker:bundleLibCompileToJarDebug
> Task :tracker:bundleLibRuntimeToJarDebug
> Task :tracker:bundleLibRuntimeToDirDebug
> Task :app:kspDebugKotlin
> Task :app:mergeLibDexDebug

> Task :app:compileDebugKotlin
w: file:///G:/Github/Tracker-Android/app/src/main/java/com/adsamcik/tracker/app/onboarding/data/OnboardingState.kt:89:54 'object ValueDemo : OnboardingStep' is deprecated. Use streamlined single-screen onboarding.
w: file:///G:/Github/Tracker-Android/app/src/main/java/com/adsamcik/tracker/app/onboarding/data/OnboardingState.kt:90:28 'object ValueDemo : OnboardingStep' is deprecated. Use streamlined single-screen onboarding.
w: file:///G:/Github/Tracker-Android/app/src/main/java/com/adsamcik/tracker/app/onboarding/data/OnboardingState.kt:90:56 'object WhatToTrack : OnboardingStep' is deprecated. Smart defaults applied automatically.
w: file:///G:/Github/Tracker-Android/app/src/main/java/com/adsamcik/tracker/app/onboarding/data/OnboardingState.kt:91:28 'object Privacy : OnboardingStep' is deprecated. No longer shown - privacy is implicit.
w: file:///G:/Github/Tracker-Android/app/src/main/java/com/adsamcik/tracker/app/onboarding/data/OnboardingState.kt:91:54 'object WhatToTrack : OnboardingStep' is deprecated. Smart defaults applied automatically.
w: file:///G:/Github/Tracker-Android/app/src/main/java/com/adsamcik/tracker/app/onboarding/data/OnboardingState.kt:92:28 'object WhatToTrack : OnboardingStep' is deprecated. Smart defaults applied automatically.
w: file:///G:/Github/Tracker-Android/app/src/main/java/com/adsamcik/tracker/app/onboarding/data/OnboardingState.kt:92:58 'object AutoTrackingSetup : OnboardingStep' is deprecated. Smart defaults applied automatically.
w: file:///G:/Github/Tracker-Android/app/src/main/java/com/adsamcik/tracker/app/onboarding/data/OnboardingState.kt:93:28 'object AutoTrackingSetup : OnboardingStep' is deprecated. Smart defaults applied automatically.
w: file:///G:/Github/Tracker-Android/app/src/main/java/com/adsamcik/tracker/app/onboarding/data/OnboardingState.kt:96:36 'object LocationSetup : OnboardingStep' is deprecated. Permissions requested contextually.
w: file:///G:/Github/Tracker-Android/app/src/main/java/com/adsamcik/tracker/app/onboarding/data/OnboardingState.kt:98:36 'object ActivitySetup : OnboardingStep' is deprecated. Permissions requested contextually.
w: file:///G:/Github/Tracker-Android/app/src/main/java/com/adsamcik/tracker/app/onboarding/data/OnboardingState.kt:103:28 'object LocationSetup : OnboardingStep' is deprecated. Permissions requested contextually.
w: file:///G:/Github/Tracker-Android/app/src/main/java/com/adsamcik/tracker/app/onboarding/data/OnboardingState.kt:107:36 'object ActivitySetup : OnboardingStep' is deprecated. Permissions requested contextually.
w: file:///G:/Github/Tracker-Android/app/src/main/java/com/adsamcik/tracker/app/onboarding/data/OnboardingState.kt:109:36 'object EnhancedFeatures : OnboardingStep' is deprecated. Smart defaults applied automatically.
w: file:///G:/Github/Tracker-Android/app/src/main/java/com/adsamcik/tracker/app/onboarding/data/OnboardingState.kt:114:28 'object ActivitySetup : OnboardingStep' is deprecated. Permissions requested contextually.
w: file:///G:/Github/Tracker-Android/app/src/main/java/com/adsamcik/tracker/app/onboarding/data/OnboardingState.kt:118:36 'object EnhancedFeatures : OnboardingStep' is deprecated. Smart defaults applied automatically.
w: file:///G:/Github/Tracker-Android/app/src/main/java/com/adsamcik/tracker/app/onboarding/data/OnboardingState.kt:123:28 'object EnhancedFeatures : OnboardingStep' is deprecated. Smart defaults applied automatically.
w: file:///G:/Github/Tracker-Android/app/src/main/java/com/adsamcik/tracker/app/onboarding/data/OnboardingState.kt:124:28 'object BackgroundLocation : OnboardingStep' is deprecated. Permissions requested contextually after sessions.
w: file:///G:/Github/Tracker-Android/app/src/main/java/com/adsamcik/tracker/app/onboarding/data/OnboardingState.kt:126:36 'object EnhancedFeatures : OnboardingStep' is deprecated. Smart defaults applied automatically.
w: file:///G:/Github/Tracker-Android/app/src/main/java/com/adsamcik/tracker/app/onboarding/data/OnboardingState.kt:140:28 'object LocationSetup : OnboardingStep' is deprecated. Permissions requested contextually.
w: file:///G:/Github/Tracker-Android/app/src/main/java/com/adsamcik/tracker/app/onboarding/data/OnboardingState.kt:141:28 'object ActivitySetup : OnboardingStep' is deprecated. Permissions requested contextually.
w: file:///G:/Github/Tracker-Android/app/src/main/java/com/adsamcik/tracker/app/onboarding/data/OnboardingState.kt:142:28 'object BackgroundLocation : OnboardingStep' is deprecated. Permissions requested contextually after sessions.
w: file:///G:/Github/Tracker-Android/app/src/main/java/com/adsamcik/tracker/app/onboarding/data/OnboardingState.kt:143:28 'object EnhancedFeatures : OnboardingStep' is deprecated. Smart defaults applied automatically.
w: file:///G:/Github/Tracker-Android/app/src/main/java/com/adsamcik/tracker/app/onboarding/data/OnboardingStep.kt:42:13 'object ValueDemo : OnboardingStep' is deprecated. Use streamlined single-screen onboarding.
w: file:///G:/Github/Tracker-Android/app/src/main/java/com/adsamcik/tracker/app/onboarding/data/OnboardingStep.kt:43:13 'object Privacy : OnboardingStep' is deprecated. No longer shown - privacy is implicit.
w: file:///G:/Github/Tracker-Android/app/src/main/java/com/adsamcik/tracker/app/onboarding/data/OnboardingStep.kt:44:13 'object WhatToTrack : OnboardingStep' is deprecated. Smart defaults applied automatically.
w: file:///G:/Github/Tracker-Android/app/src/main/java/com/adsamcik/tracker/app/onboarding/data/OnboardingStep.kt:45:13 'object AutoTrackingSetup : OnboardingStep' is deprecated. Smart defaults applied automatically.
w: file:///G:/Github/Tracker-Android/app/src/main/java/com/adsamcik/tracker/app/onboarding/data/OnboardingStep.kt:46:13 'object LocationSetup : OnboardingStep' is deprecated. Permissions requested contextually.
w: file:///G:/Github/Tracker-Android/app/src/main/java/com/adsamcik/tracker/app/onboarding/data/OnboardingStep.kt:47:13 'object ActivitySetup : OnboardingStep' is deprecated. Permissions requested contextually.
w: file:///G:/Github/Tracker-Android/app/src/main/java/com/adsamcik/tracker/app/onboarding/data/OnboardingStep.kt:48:13 'object EnhancedFeatures : OnboardingStep' is deprecated. Smart defaults applied automatically.
w: file:///G:/Github/Tracker-Android/app/src/main/java/com/adsamcik/tracker/app/onboarding/data/OnboardingStep.kt:49:13 'object BackgroundLocation : OnboardingStep' is deprecated. Permissions requested contextually after sessions.
w: file:///G:/Github/Tracker-Android/app/src/main/java/com/adsamcik/tracker/app/onboarding/data/OnboardingStep.kt:73:29 'object ValueDemo : OnboardingStep' is deprecated. Use streamlined single-screen onboarding.
w: file:///G:/Github/Tracker-Android/app/src/main/java/com/adsamcik/tracker/app/onboarding/data/OnboardingStep.kt:74:26 'object Privacy : OnboardingStep' is deprecated. No longer shown - privacy is implicit.
w: file:///G:/Github/Tracker-Android/app/src/main/java/com/adsamcik/tracker/app/onboarding/data/OnboardingStep.kt:75:53 'object WhatToTrack : OnboardingStep' is deprecated. Smart defaults applied automatically.
w: file:///G:/Github/Tracker-Android/app/src/main/java/com/adsamcik/tracker/app/onboarding/data/OnboardingStep.kt:76:38 'object AutoTrackingSetup : OnboardingStep' is deprecated. Smart defaults applied automatically.
w: file:///G:/Github/Tracker-Android/app/src/main/java/com/adsamcik/tracker/app/onboarding/data/OnboardingStep.kt:77:33 'object LocationSetup : OnboardingStep' is deprecated. Permissions requested contextually.
w: file:///G:/Github/Tracker-Android/app/src/main/java/com/adsamcik/tracker/app/onboarding/data/OnboardingStep.kt:78:33 'object ActivitySetup : OnboardingStep' is deprecated. Permissions requested contextually.
w: file:///G:/Github/Tracker-Android/app/src/main/java/com/adsamcik/tracker/app/onboarding/data/OnboardingStep.kt:79:36 'object EnhancedFeatures : OnboardingStep' is deprecated. Smart defaults applied automatically.
w: file:///G:/Github/Tracker-Android/app/src/main/java/com/adsamcik/tracker/app/onboarding/data/OnboardingStep.kt:80:38 'object BackgroundLocation : OnboardingStep' is deprecated. Permissions requested contextually after sessions.
w: file:///G:/Github/Tracker-Android/app/src/main/java/com/adsamcik/tracker/app/onboarding/ui/StreamlinedOnboardingScreen.kt:193:44 'val Icons.Filled.ArrowBack: ImageVector' is deprecated. Use the AutoMirrored version at Icons.AutoMirrored.Filled.ArrowBack.
w: file:///G:/Github/Tracker-Android/app/src/main/java/com/adsamcik/tracker/app/settings/SettingsRoute.kt:144:38 'val Icons.Filled.DirectionsRun: ImageVector' is deprecated. Use the AutoMirrored version at Icons.AutoMirrored.Filled.DirectionsRun.
w: file:///G:/Github/Tracker-Android/app/src/main/java/com/adsamcik/tracker/app/settings/SettingsRoute.kt:246:38 'val Icons.Filled.Article: ImageVector' is deprecated. Use the AutoMirrored version at Icons.AutoMirrored.Filled.Article.
w: file:///G:/Github/Tracker-Android/app/src/main/java/com/adsamcik/tracker/app/settings/components/SettingsItemWithHelp.kt:75:39 'val Icons.Filled.HelpOutline: ImageVector' is deprecated. Use the AutoMirrored version at Icons.AutoMirrored.Filled.HelpOutline.
w: file:///G:/Github/Tracker-Android/app/src/main/java/com/adsamcik/tracker/app/settings/components/SettingsItemWithHelp.kt:156:43 'val Icons.Filled.HelpOutline: ImageVector' is deprecated. Use the AutoMirrored version at Icons.AutoMirrored.Filled.HelpOutline.

> Task :app:compileDebugJavaWithJavac

> Task :app:hiltAggregateDepsDebug
WARNING: [Processor] Library 'C:\Users\adam-\.gradle\caches\8.14.2\transforms\837570d274bdfb1b0204a810bc569cac\transformed\core-1.16.0-api.jar' contains references to both AndroidX and old support library. This seems like the library is partially migrated. Jetifier will try to rewrite the library anyway.
 Example of androidX reference: 'androidx/core/util/Supplier'
 Example of support library reference: 'android/support/v4/app/INotificationSideChannel$Default'

> Task :app:hiltJavaCompileDebug
warning: Kapt support in Moshi Kotlin Code Gen is deprecated and will be removed in 2.0. Please migrate to KSP. https://github.com/square/moshi#codegen
1 warning

> Task :app:processDebugJavaRes
> Task :app:transformDebugClassesWithAsm
> Task :app:jacocoDebug
> Task :app:mergeDebugJavaResource
> Task :app:dexBuilderDebug
> Task :app:mergeDebugGlobalSynthetics
> Task :app:mergeProjectDexDebug
> Task :app:packageDebug
> Task :app:createDebugApkListingFileRedirect
> Task :app:assembleDebug

[Incubating] Problems report is available at: file:///G:/Github/Tracker-Android/build/reports/problems/problems-report.html

BUILD SUCCESSFUL in 4m 51s
335 actionable tasks: 55 executed, 280 up-to-date
