To honour the JVM settings for this build a single-use Daemon process will be forked. For more on this, please refer to https://docs.gradle.org/8.14.2/userguide/gradle_daemon.html#sec:disabling_the_daemon in the Gradle documentation.
Daemon will be stopped at the end of the build 
> Task :buildSrc:checkKotlinGradlePluginConfigurationErrors SKIPPED
> Task :buildSrc:compileKotlin UP-TO-DATE
> Task :buildSrc:compileJava NO-SOURCE
> Task :buildSrc:compileGroovy NO-SOURCE
> Task :buildSrc:pluginDescriptors UP-TO-DATE
> Task :buildSrc:processResources NO-SOURCE
> Task :buildSrc:classes UP-TO-DATE
> Task :buildSrc:jar UP-TO-DATE
> Task :activity:checkKotlinGradlePluginConfigurationErrors SKIPPED
> Task :activity:preBuild UP-TO-DATE
> Task :activity:preDebugBuild UP-TO-DATE
> Task :activity:generateDebugResValues UP-TO-DATE
> Task :activity:generateDebugResources UP-TO-DATE
> Task :activity:packageDebugResources UP-TO-DATE
> Task :activity:processDebugNavigationResources UP-TO-DATE
> Task :activity:parseDebugLocalResources UP-TO-DATE
> Task :activity:generateDebugRFile UP-TO-DATE
> Task :logger:checkKotlinGradlePluginConfigurationErrors SKIPPED
> Task :logger:preBuild UP-TO-DATE
> Task :logger:preDebugBuild UP-TO-DATE
> Task :logger:generateDebugBuildConfig UP-TO-DATE
> Task :logger:generateDebugResValues UP-TO-DATE
> Task :logger:generateDebugResources UP-TO-DATE
> Task :logger:packageDebugResources UP-TO-DATE
> Task :logger:processDebugNavigationResources UP-TO-DATE
> Task :logger:parseDebugLocalResources UP-TO-DATE
> Task :logger:generateDebugRFile UP-TO-DATE
> Task :logger:ensureKspDir
> Task :sbase:checkKotlinGradlePluginConfigurationErrors SKIPPED
> Task :sbase:preBuild UP-TO-DATE
> Task :sbase:preDebugBuild UP-TO-DATE
> Task :sbase:generateDebugBuildConfig UP-TO-DATE
> Task :sbase:generateDebugResValues UP-TO-DATE
> Task :sbase:generateDebugResources UP-TO-DATE
> Task :sbase:packageDebugResources UP-TO-DATE
> Task :sbase:processDebugNavigationResources UP-TO-DATE
> Task :sbase:parseDebugLocalResources UP-TO-DATE
> Task :sbase:generateDebugRFile UP-TO-DATE
> Task :sbase:kspDebugKotlin UP-TO-DATE
> Task :sbase:compileDebugKotlin UP-TO-DATE
> Task :sbase:javaPreCompileDebug UP-TO-DATE
> Task :sbase:compileDebugJavaWithJavac UP-TO-DATE
> Task :sbase:bundleLibCompileToJarDebug UP-TO-DATE
> Task :spreferences:checkKotlinGradlePluginConfigurationErrors SKIPPED
> Task :spreferences:preBuild UP-TO-DATE
> Task :spreferences:preDebugBuild UP-TO-DATE
> Task :spreferences:generateDebugBuildConfig UP-TO-DATE
> Task :spreferences:extractDebugProto UP-TO-DATE
> Task :sbase:bundleLibRuntimeToJarDebug UP-TO-DATE
> Task :sbase:processDebugJavaRes UP-TO-DATE
> Task :sbase:createFullJarDebug UP-TO-DATE
> Task :spreferences:extractIncludeDebugProto UP-TO-DATE
> Task :spreferences:extractProto UP-TO-DATE
> Task :spreferences:generateDebugProto UP-TO-DATE
> Task :spreferences:generateDebugResValues UP-TO-DATE
> Task :spreferences:generateDebugResources UP-TO-DATE
> Task :spreferences:packageDebugResources UP-TO-DATE
> Task :spreferences:processDebugNavigationResources UP-TO-DATE
> Task :spreferences:parseDebugLocalResources UP-TO-DATE
> Task :spreferences:generateDebugRFile UP-TO-DATE
> Task :spreferences:kspDebugKotlin UP-TO-DATE
> Task :spreferences:compileDebugKotlin UP-TO-DATE
> Task :spreferences:javaPreCompileDebug UP-TO-DATE
> Task :spreferences:compileDebugJavaWithJavac UP-TO-DATE
> Task :spreferences:bundleLibCompileToJarDebug UP-TO-DATE
> Task :logger:kspDebugKotlin UP-TO-DATE
> Task :logger:compileDebugKotlin UP-TO-DATE
> Task :logger:javaPreCompileDebug UP-TO-DATE
> Task :logger:compileDebugJavaWithJavac UP-TO-DATE
> Task :logger:bundleLibCompileToJarDebug UP-TO-DATE
> Task :sutils:checkKotlinGradlePluginConfigurationErrors SKIPPED
> Task :sutils:preBuild UP-TO-DATE
> Task :sutils:preDebugBuild UP-TO-DATE
> Task :sutils:generateDebugResValues UP-TO-DATE
> Task :sutils:generateDebugResources UP-TO-DATE
> Task :sutils:packageDebugResources UP-TO-DATE
> Task :sutils:processDebugNavigationResources UP-TO-DATE
> Task :sutils:parseDebugLocalResources UP-TO-DATE
> Task :sutils:generateDebugRFile UP-TO-DATE
> Task :sutils:kspDebugKotlin UP-TO-DATE
> Task :sutils:compileDebugKotlin UP-TO-DATE
> Task :sutils:javaPreCompileDebug UP-TO-DATE
> Task :sutils:compileDebugJavaWithJavac NO-SOURCE
> Task :sutils:bundleLibCompileToJarDebug UP-TO-DATE
> Task :activity:kspDebugKotlin SKIPPED
> Task :activity:compileDebugKotlin UP-TO-DATE
> Task :activity:javaPreCompileDebug UP-TO-DATE
> Task :activity:compileDebugJavaWithJavac NO-SOURCE
> Task :activity:bundleLibRuntimeToJarDebug UP-TO-DATE
> Task :activity:processDebugJavaRes UP-TO-DATE
> Task :app:preBuild UP-TO-DATE
> Task :app:preDebugBuild UP-TO-DATE
> Task :activity:bundleLibCompileToJarDebug UP-TO-DATE
> Task :app:checkKotlinGradlePluginConfigurationErrors SKIPPED
> Task :app:generateDebugBuildConfig UP-TO-DATE
> Task :activity:compileDebugLibraryResources UP-TO-DATE
> Task :activity:writeDebugAarMetadata UP-TO-DATE
> Task :game:preBuild UP-TO-DATE
> Task :game:preDebugBuild UP-TO-DATE
> Task :game:writeDebugAarMetadata UP-TO-DATE
> Task :impexp:preBuild UP-TO-DATE
> Task :impexp:preDebugBuild UP-TO-DATE
> Task :impexp:writeDebugAarMetadata UP-TO-DATE
> Task :logger:writeDebugAarMetadata UP-TO-DATE
> Task :map:preBuild UP-TO-DATE
> Task :map:preDebugBuild UP-TO-DATE
> Task :map:writeDebugAarMetadata UP-TO-DATE
> Task :points:preBuild UP-TO-DATE
> Task :points:preDebugBuild UP-TO-DATE
> Task :points:writeDebugAarMetadata UP-TO-DATE
> Task :sbase:writeDebugAarMetadata UP-TO-DATE
> Task :smap:preBuild UP-TO-DATE
> Task :smap:preDebugBuild UP-TO-DATE
> Task :smap:writeDebugAarMetadata UP-TO-DATE
> Task :spreferences:writeDebugAarMetadata UP-TO-DATE
> Task :statistics:preBuild UP-TO-DATE
> Task :statistics:preDebugBuild UP-TO-DATE
> Task :statistics:writeDebugAarMetadata UP-TO-DATE
> Task :sutils:writeDebugAarMetadata UP-TO-DATE
> Task :tracker:preBuild UP-TO-DATE
> Task :tracker:preDebugBuild UP-TO-DATE
> Task :tracker:writeDebugAarMetadata UP-TO-DATE
> Task :app:checkDebugAarMetadata UP-TO-DATE
> Task :game:processDebugNavigationResources UP-TO-DATE
> Task :impexp:processDebugNavigationResources UP-TO-DATE
> Task :map:processDebugNavigationResources UP-TO-DATE
> Task :points:processDebugNavigationResources UP-TO-DATE
> Task :smap:processDebugNavigationResources UP-TO-DATE
> Task :statistics:processDebugNavigationResources UP-TO-DATE
> Task :tracker:processDebugNavigationResources UP-TO-DATE
> Task :app:processDebugNavigationResources UP-TO-DATE
> Task :app:compileDebugNavigationResources UP-TO-DATE
> Task :app:generateDebugResValues UP-TO-DATE
> Task :app:processDebugGoogleServices UP-TO-DATE
> Task :game:generateDebugResValues UP-TO-DATE
> Task :game:generateDebugResources UP-TO-DATE
> Task :game:packageDebugResources UP-TO-DATE
> Task :impexp:generateDebugResValues UP-TO-DATE
> Task :impexp:generateDebugResources UP-TO-DATE
> Task :impexp:packageDebugResources UP-TO-DATE
> Task :map:generateDebugResValues UP-TO-DATE
> Task :map:generateDebugResources UP-TO-DATE
> Task :map:packageDebugResources UP-TO-DATE
> Task :points:generateDebugResValues UP-TO-DATE
> Task :points:generateDebugResources UP-TO-DATE
> Task :points:packageDebugResources UP-TO-DATE
> Task :smap:generateDebugResValues UP-TO-DATE
> Task :smap:generateDebugResources UP-TO-DATE
> Task :smap:packageDebugResources UP-TO-DATE
> Task :statistics:generateDebugResValues UP-TO-DATE
> Task :statistics:generateDebugResources UP-TO-DATE
> Task :statistics:packageDebugResources UP-TO-DATE
> Task :tracker:generateDebugResValues UP-TO-DATE
> Task :tracker:generateDebugResources UP-TO-DATE
> Task :tracker:packageDebugResources UP-TO-DATE
> Task :app:mapDebugSourceSetPaths UP-TO-DATE
> Task :app:generateDebugResources UP-TO-DATE
> Task :app:mergeDebugResources UP-TO-DATE
> Task :app:packageDebugResources UP-TO-DATE
> Task :app:parseDebugLocalResources UP-TO-DATE
> Task :app:createDebugCompatibleScreenManifests UP-TO-DATE
> Task :activity:extractDeepLinksDebug UP-TO-DATE
> Task :activity:processDebugManifest UP-TO-DATE
> Task :app:extractDeepLinksDebug UP-TO-DATE
> Task :game:extractDeepLinksDebug UP-TO-DATE
> Task :game:processDebugManifest UP-TO-DATE
> Task :impexp:extractDeepLinksDebug UP-TO-DATE
> Task :impexp:processDebugManifest UP-TO-DATE
> Task :logger:extractDeepLinksDebug UP-TO-DATE
> Task :logger:processDebugManifest UP-TO-DATE
> Task :map:extractDeepLinksDebug UP-TO-DATE
> Task :map:processDebugManifest UP-TO-DATE
> Task :points:extractDeepLinksDebug UP-TO-DATE
> Task :points:processDebugManifest UP-TO-DATE
> Task :sbase:extractDeepLinksDebug UP-TO-DATE
> Task :sbase:processDebugManifest UP-TO-DATE
> Task :smap:extractDeepLinksDebug UP-TO-DATE
> Task :smap:processDebugManifest UP-TO-DATE
> Task :spreferences:extractDeepLinksDebug UP-TO-DATE
> Task :spreferences:processDebugManifest UP-TO-DATE
> Task :statistics:extractDeepLinksDebug UP-TO-DATE
> Task :statistics:processDebugManifest UP-TO-DATE
> Task :sutils:extractDeepLinksDebug UP-TO-DATE
> Task :sutils:processDebugManifest UP-TO-DATE
> Task :tracker:extractDeepLinksDebug UP-TO-DATE
> Task :tracker:processDebugManifest UP-TO-DATE
> Task :app:processDebugMainManifest UP-TO-DATE
> Task :app:processDebugManifest UP-TO-DATE
> Task :app:processDebugManifestForPackage UP-TO-DATE
> Task :game:compileDebugLibraryResources UP-TO-DATE
> Task :game:parseDebugLocalResources UP-TO-DATE
> Task :game:generateDebugRFile UP-TO-DATE
> Task :impexp:compileDebugLibraryResources UP-TO-DATE
> Task :impexp:parseDebugLocalResources UP-TO-DATE
> Task :impexp:generateDebugRFile UP-TO-DATE
> Task :logger:compileDebugLibraryResources UP-TO-DATE
> Task :map:compileDebugLibraryResources UP-TO-DATE
> Task :map:parseDebugLocalResources UP-TO-DATE
> Task :map:generateDebugRFile UP-TO-DATE
> Task :points:compileDebugLibraryResources UP-TO-DATE
> Task :points:parseDebugLocalResources UP-TO-DATE
> Task :points:generateDebugRFile UP-TO-DATE
> Task :sbase:compileDebugLibraryResources UP-TO-DATE
> Task :smap:compileDebugLibraryResources UP-TO-DATE
> Task :smap:parseDebugLocalResources UP-TO-DATE
> Task :smap:generateDebugRFile UP-TO-DATE
> Task :spreferences:compileDebugLibraryResources UP-TO-DATE
> Task :statistics:compileDebugLibraryResources UP-TO-DATE
> Task :statistics:parseDebugLocalResources UP-TO-DATE
> Task :statistics:generateDebugRFile UP-TO-DATE
> Task :sutils:compileDebugLibraryResources UP-TO-DATE
> Task :tracker:compileDebugLibraryResources UP-TO-DATE
> Task :tracker:parseDebugLocalResources UP-TO-DATE
> Task :tracker:generateDebugRFile UP-TO-DATE
> Task :app:processDebugResources UP-TO-DATE
> Task :game:checkKotlinGradlePluginConfigurationErrors SKIPPED
> Task :game:extractDebugProto UP-TO-DATE
> Task :logger:bundleLibRuntimeToJarDebug UP-TO-DATE
> Task :logger:processDebugJavaRes UP-TO-DATE
> Task :logger:createFullJarDebug UP-TO-DATE
> Task :points:checkKotlinGradlePluginConfigurationErrors SKIPPED
> Task :points:kspDebugKotlin UP-TO-DATE
> Task :points:compileDebugKotlin UP-TO-DATE
> Task :points:javaPreCompileDebug UP-TO-DATE
> Task :points:compileDebugJavaWithJavac NO-SOURCE
> Task :points:bundleLibRuntimeToJarDebug UP-TO-DATE
> Task :points:processDebugJavaRes UP-TO-DATE
> Task :points:createFullJarDebug UP-TO-DATE
> Task :spreferences:bundleLibRuntimeToJarDebug UP-TO-DATE
> Task :spreferences:processDebugJavaRes UP-TO-DATE
> Task :spreferences:createFullJarDebug UP-TO-DATE
> Task :sutils:bundleLibRuntimeToJarDebug UP-TO-DATE
> Task :sutils:processDebugJavaRes UP-TO-DATE
> Task :sutils:createFullJarDebug UP-TO-DATE
> Task :game:extractIncludeDebugProto UP-TO-DATE
> Task :game:extractProto UP-TO-DATE
> Task :game:generateDebugProto UP-TO-DATE
> Task :points:bundleLibCompileToJarDebug UP-TO-DATE
> Task :game:kspDebugKotlin UP-TO-DATE
> Task :game:compileDebugKotlin UP-TO-DATE
> Task :game:javaPreCompileDebug UP-TO-DATE
> Task :game:compileDebugJavaWithJavac UP-TO-DATE
> Task :game:transformDebugClassesWithAsm UP-TO-DATE
> Task :game:bundleLibCompileToJarDebug UP-TO-DATE
> Task :impexp:checkKotlinGradlePluginConfigurationErrors SKIPPED
> Task :impexp:extractDebugProto UP-TO-DATE
> Task :impexp:extractIncludeDebugProto UP-TO-DATE
> Task :impexp:extractProto UP-TO-DATE
> Task :impexp:generateDebugProto UP-TO-DATE
> Task :impexp:kspDebugKotlin UP-TO-DATE
> Task :impexp:compileDebugKotlin UP-TO-DATE
> Task :impexp:javaPreCompileDebug UP-TO-DATE
> Task :impexp:compileDebugJavaWithJavac UP-TO-DATE
> Task :impexp:bundleLibCompileToJarDebug UP-TO-DATE
> Task :map:checkKotlinGradlePluginConfigurationErrors SKIPPED
> Task :smap:checkKotlinGradlePluginConfigurationErrors SKIPPED
> Task :smap:kspDebugKotlin SKIPPED
> Task :smap:compileDebugKotlin UP-TO-DATE
> Task :smap:javaPreCompileDebug UP-TO-DATE
> Task :smap:compileDebugJavaWithJavac NO-SOURCE
> Task :smap:bundleLibCompileToJarDebug UP-TO-DATE
> Task :map:kspDebugKotlin SKIPPED
> Task :map:compileDebugKotlin UP-TO-DATE
> Task :map:javaPreCompileDebug UP-TO-DATE
> Task :map:compileDebugJavaWithJavac NO-SOURCE
> Task :map:bundleLibCompileToJarDebug UP-TO-DATE
> Task :smap:bundleLibRuntimeToJarDebug UP-TO-DATE
> Task :statistics:checkKotlinGradlePluginConfigurationErrors SKIPPED
> Task :statistics:kspDebugKotlin UP-TO-DATE
> Task :statistics:compileDebugKotlin UP-TO-DATE
> Task :statistics:javaPreCompileDebug UP-TO-DATE
> Task :statistics:compileDebugJavaWithJavac UP-TO-DATE
> Task :statistics:transformDebugClassesWithAsm UP-TO-DATE
> Task :statistics:bundleLibCompileToJarDebug UP-TO-DATE
> Task :tracker:checkKotlinGradlePluginConfigurationErrors SKIPPED
> Task :tracker:extractDebugProto UP-TO-DATE
> Task :activity:createFullJarDebug UP-TO-DATE
> Task :tracker:extractIncludeDebugProto UP-TO-DATE
> Task :tracker:extractProto UP-TO-DATE
> Task :tracker:generateDebugProto UP-TO-DATE
> Task :tracker:kspDebugKotlin UP-TO-DATE
> Task :tracker:compileDebugKotlin UP-TO-DATE
> Task :tracker:javaPreCompileDebug UP-TO-DATE
> Task :tracker:compileDebugJavaWithJavac UP-TO-DATE
> Task :tracker:transformDebugClassesWithAsm UP-TO-DATE
> Task :tracker:bundleLibCompileToJarDebug UP-TO-DATE
> Task :app:kspDebugKotlin UP-TO-DATE
> Task :app:compileDebugKotlin UP-TO-DATE
> Task :app:javaPreCompileDebug UP-TO-DATE
> Task :app:compileDebugJavaWithJavac UP-TO-DATE
> Task :tracker:bundleLibRuntimeToJarDebug UP-TO-DATE
> Task :map:bundleLibRuntimeToJarDebug UP-TO-DATE
> Task :game:bundleLibRuntimeToJarDebug UP-TO-DATE
> Task :impexp:bundleLibRuntimeToJarDebug UP-TO-DATE
> Task :statistics:bundleLibRuntimeToJarDebug UP-TO-DATE
> Task :activity:mergeDebugShaders UP-TO-DATE
> Task :activity:compileDebugShaders NO-SOURCE
> Task :activity:generateDebugAssets UP-TO-DATE
> Task :activity:mergeDebugAssets UP-TO-DATE
> Task :app:hiltAggregateDepsDebug UP-TO-DATE
> Task :app:hiltJavaCompileDebug UP-TO-DATE
> Task :app:transformDebugClassesWithAsm UP-TO-DATE
> Task :app:mergeDebugShaders UP-TO-DATE
> Task :app:compileDebugShaders NO-SOURCE
> Task :app:generateDebugAssets UP-TO-DATE
> Task :game:mergeDebugShaders UP-TO-DATE
> Task :game:compileDebugShaders NO-SOURCE
> Task :game:generateDebugAssets UP-TO-DATE
> Task :game:mergeDebugAssets UP-TO-DATE
> Task :impexp:mergeDebugShaders UP-TO-DATE
> Task :impexp:compileDebugShaders NO-SOURCE
> Task :impexp:generateDebugAssets UP-TO-DATE
> Task :impexp:mergeDebugAssets UP-TO-DATE
> Task :logger:mergeDebugShaders UP-TO-DATE
> Task :logger:compileDebugShaders NO-SOURCE
> Task :logger:generateDebugAssets UP-TO-DATE
> Task :logger:mergeDebugAssets UP-TO-DATE
> Task :map:mergeDebugShaders UP-TO-DATE
> Task :map:compileDebugShaders NO-SOURCE
> Task :map:generateDebugAssets UP-TO-DATE
> Task :map:mergeDebugAssets UP-TO-DATE
> Task :points:mergeDebugShaders UP-TO-DATE
> Task :points:compileDebugShaders NO-SOURCE
> Task :points:generateDebugAssets UP-TO-DATE
> Task :points:mergeDebugAssets UP-TO-DATE
> Task :sbase:mergeDebugShaders UP-TO-DATE
> Task :sbase:compileDebugShaders NO-SOURCE
> Task :sbase:generateDebugAssets UP-TO-DATE
> Task :sbase:mergeDebugAssets UP-TO-DATE
> Task :smap:mergeDebugShaders UP-TO-DATE
> Task :smap:compileDebugShaders NO-SOURCE
> Task :smap:generateDebugAssets UP-TO-DATE
> Task :smap:mergeDebugAssets UP-TO-DATE
> Task :spreferences:mergeDebugShaders UP-TO-DATE
> Task :spreferences:compileDebugShaders NO-SOURCE
> Task :spreferences:generateDebugAssets UP-TO-DATE
> Task :spreferences:mergeDebugAssets UP-TO-DATE
> Task :statistics:mergeDebugShaders UP-TO-DATE
> Task :statistics:compileDebugShaders NO-SOURCE
> Task :statistics:generateDebugAssets UP-TO-DATE
> Task :statistics:mergeDebugAssets UP-TO-DATE
> Task :sutils:mergeDebugShaders UP-TO-DATE
> Task :sutils:compileDebugShaders NO-SOURCE
> Task :sutils:generateDebugAssets UP-TO-DATE
> Task :sutils:mergeDebugAssets UP-TO-DATE
> Task :tracker:mergeDebugShaders UP-TO-DATE
> Task :tracker:compileDebugShaders NO-SOURCE
> Task :tracker:generateDebugAssets UP-TO-DATE
> Task :tracker:mergeDebugAssets UP-TO-DATE
> Task :app:mergeDebugAssets UP-TO-DATE
> Task :app:preDebugUnitTestBuild UP-TO-DATE
> Task :app:packageDebugUnitTestForUnitTest UP-TO-DATE
> Task :app:processDebugUnitTestManifest UP-TO-DATE
> Task :app:generateDebugUnitTestConfig UP-TO-DATE
> Task :app:generateDebugJacocoPropertiesFile UP-TO-DATE
> Task :app:processDebugJavaRes UP-TO-DATE
> Task :app:javaPreCompileDebugUnitTest UP-TO-DATE
> Task :game:processDebugJavaRes UP-TO-DATE
> Task :impexp:processDebugJavaRes UP-TO-DATE
> Task :map:processDebugJavaRes UP-TO-DATE
> Task :smap:processDebugJavaRes UP-TO-DATE
> Task :statistics:processDebugJavaRes UP-TO-DATE
> Task :tracker:processDebugJavaRes UP-TO-DATE
> Task :app:bundleDebugClassesToRuntimeJar
> Task :app:bundleDebugClassesToCompileJar
> Task :app:kspDebugUnitTestKotlin
> Task :app:compileDebugUnitTestKotlin
> Task :app:compileDebugUnitTestJavaWithJavac NO-SOURCE
> Task :app:hiltAggregateDepsDebugUnitTest
> Task :app:hiltJavaCompileDebugUnitTest NO-SOURCE
> Task :app:processDebugUnitTestJavaRes UP-TO-DATE
> Task :app:transformDebugUnitTestClassesWithAsm
OpenJDK 64-Bit Server VM warning: Sharing is only supported for boot loader classes because bootstrap classpath has been appended
OpenJDK 64-Bit Server VM warning: Sharing is only supported for boot loader classes because bootstrap classpath has been appended
> Task :app:testDebugUnitTest

BUILD SUCCESSFUL in 59s
292 actionable tasks: 8 executed, 284 up-to-date
